RC_1.0 {
global:
	rc_conf_value;
	rc_config_list;
	rc_config_load;
	rc_config_value;
	rc_deptree_depend;
	rc_deptree_depends;
	rc_deptree_free;
	rc_deptree_load;
	rc_deptree_load_file;
	rc_deptree_order;
	rc_deptree_update;
	rc_deptree_update_needed;
	rc_environ_fd;
	rc_find_pids;
	rc_getfile;
	rc_getline;
	rc_newer_than;
	rc_older_than;
	rc_proc_getent;
	rc_runlevel_exists;
	rc_runlevel_get;
	rc_runlevel_list;
	rc_runlevel_set;
	rc_runlevel_stack;
	rc_runlevel_stacks;
	rc_runlevel_starting;
	rc_runlevel_stopping;
	rc_runlevel_unstack;
	rc_service_add;
	rc_service_daemons_crashed;
	rc_service_daemon_set;
	rc_service_delete;
	rc_service_description;
	rc_service_exists;
	rc_service_extra_commands;
	rc_service_in_runlevel;
	rc_service_mark;
	rc_service_options;
	rc_service_resolve;
	rc_service_schedule_clear;
	rc_service_schedule_start;
	rc_services_in_runlevel;
	rc_services_in_runlevel_stacked;
	rc_services_in_state;
	rc_services_scheduled;
	rc_services_scheduled_by;
	rc_service_started_daemon;
	rc_service_state;
	rc_service_value_get;
	rc_service_value_set;
	rc_stringlist_add;
	rc_stringlist_addu;
	rc_stringlist_delete;
	rc_stringlist_find;
	rc_stringlist_split;
	rc_stringlist_new;
	rc_stringlist_sort;
	rc_stringlist_free;
	rc_sys;
	rc_yesno;

local:
	*;
};
